[2026-07-09 16:23:14,535][httpx][INFO] - HTTP Request: HEAD https://huggingface.co/datasets/huggan/smithsonian_butterflies_subset/resolve/main/README.md "HTTP/1.1 307 Temporary Redirect"
[2026-07-09 16:23:14,546][httpx][INFO] - HTTP Request: HEAD https://huggingface.co/api/resolve-cache/datasets/huggan/smithsonian_butterflies_subset/3cdedf844922ab40393d46d4c7f81c596e1c6d45/README.md "HTTP/1.1 200 OK"
[2026-07-09 16:23:14,728][httpx][INFO] - HTTP Request: HEAD https://huggingface.co/datasets/huggan/smithsonian_butterflies_subset/resolve/3cdedf844922ab40393d46d4c7f81c596e1c6d45/smithsonian_butterflies_subset.py "HTTP/1.1 404 Not Found"
[2026-07-09 16:23:14,728][huggingface_hub.utils._http][WARNING] - Warning: You are sending unauthenticated requests to the HF Hub. Please set a HF_TOKEN to enable higher rate limits and faster downloads.
[2026-07-09 16:23:15,278][httpx][INFO] - HTTP Request: HEAD https://s3.amazonaws.com/datasets.huggingface.co/datasets/datasets/huggan/smithsonian_butterflies_subset/huggan/smithsonian_butterflies_subset.py "HTTP/1.1 404 Not Found"
[2026-07-09 16:23:15,280][huggingface_hub.repocard][WARNING] - Repo card metadata block was not found. Setting CardData to empty.
[2026-07-09 16:23:15,466][httpx][INFO] - HTTP Request: GET https://huggingface.co/api/datasets/huggan/smithsonian_butterflies_subset/revision/3cdedf844922ab40393d46d4c7f81c596e1c6d45 "HTTP/1.1 200 OK"
[2026-07-09 16:23:15,647][httpx][INFO] - HTTP Request: HEAD https://huggingface.co/datasets/huggan/smithsonian_butterflies_subset/resolve/3cdedf844922ab40393d46d4c7f81c596e1c6d45/.huggingface.yaml "HTTP/1.1 404 Not Found"
[2026-07-09 16:23:15,882][httpx][INFO] - HTTP Request: GET https://datasets-server.huggingface.co/info?dataset=huggan/smithsonian_butterflies_subset "HTTP/1.1 200 OK"
[2026-07-09 16:23:16,070][httpx][INFO] - HTTP Request: GET https://huggingface.co/api/datasets/huggan/smithsonian_butterflies_subset/tree/3cdedf844922ab40393d46d4c7f81c596e1c6d45/data?recursive=true&expand=false "HTTP/1.1 200 OK"
[2026-07-09 16:23:16,253][httpx][INFO] - HTTP Request: GET https://huggingface.co/api/datasets/huggan/smithsonian_butterflies_subset/tree/3cdedf844922ab40393d46d4c7f81c596e1c6d45?recursive=false&expand=false "HTTP/1.1 200 OK"
[2026-07-09 16:26:04,253][root][INFO] - Epoch 50: Generating images...
[2026-07-09 16:29:06,443][root][INFO] - Epoch 100: Generating images...
[2026-07-09 16:32:09,538][root][INFO] - Epoch 150: Generating images...
[2026-07-09 16:35:12,703][root][INFO] - Epoch 200: Generating images...
[2026-07-09 16:38:15,842][root][INFO] - Epoch 250: Generating images...
[2026-07-09 16:41:18,567][root][INFO] - Epoch 300: Generating images...
[2026-07-09 16:44:21,315][root][INFO] - Epoch 350: Generating images...
[2026-07-09 16:47:24,110][root][INFO] - Epoch 400: Generating images...
[2026-07-09 16:50:27,302][root][INFO] - Epoch 450: Generating images...
[2026-07-09 16:53:30,245][root][INFO] - Epoch 500: Generating images...
